// Jest Snapshot v1, https://goo.gl/fbAQLP

exports[`hi-vowel-a (अ) stroke data matches the last-reviewed geometry snapshot 1`] = `
[
  [
    {
      "x": 92.75,
      "y": 45,
    },
    {
      "x": 113.75,
      "y": 36.75,
    },
    {
      "x": 134,
      "y": 40.25,
    },
    {
      "x": 148.75,
      "y": 48.75,
    },
    {
      "x": 153,
      "y": 62,
    },
    {
      "x": 150.25,
      "y": 75.25,
    },
    {
      "x": 141.75,
      "y": 90,
    },
    {
      "x": 134,
      "y": 94.25,
    },
    {
      "x": 123.5,
      "y": 99.25,
    },
    {
      "x": 116.5,
      "y": 99.25,
    },
    {
      "x": 108.75,
      "y": 100,
    },
    {
      "x": 121.5,
      "y": 100,
    },
    {
      "x": 132.75,
      "y": 104.75,
    },
    {
      "x": 141.75,
      "y": 111.25,
    },
    {
      "x": 152.25,
      "y": 121.75,
    },
    {
      "x": 158.75,
      "y": 137.75,
    },
    {
      "x": 156,
      "y": 155.25,
    },
    {
      "x": 146,
      "y": 163.75,
    },
    {
      "x": 132.75,
      "y": 170,
    },
    {
      "x": 115.75,
      "y": 172.25,
    },
    {
      "x": 104,
      "y": 168.75,
    },
    {
      "x": 89.75,
      "y": 161,
    },
    {
      "x": 78,
      "y": 148.25,
    },
    {
      "x": 68,
      "y": 133.5,
    },
    {
      "x": 60.5,
      "y": 118.75,
    },
    {
      "x": 57.5,
      "y": 111.25,
    },
  ],
  [
    {
      "x": 125,
      "y": 99.25,
    },
    {
      "x": 153,
      "y": 114.75,
    },
    {
      "x": 170.75,
      "y": 116,
    },
    {
      "x": 185.25,
      "y": 115.25,
    },
    {
      "x": 200,
      "y": 107.5,
    },
    {
      "x": 208.5,
      "y": 102.75,
    },
    {
      "x": 208.5,
      "y": 114.75,
    },
    {
      "x": 207.75,
      "y": 132.25,
    },
    {
      "x": 207.75,
      "y": 147,
    },
    {
      "x": 207.75,
      "y": 161,
    },
    {
      "x": 207.75,
      "y": 175,
    },
    {
      "x": 207.75,
      "y": 185.5,
    },
    {
      "x": 208.5,
      "y": 200.25,
    },
    {
      "x": 208.5,
      "y": 209.5,
    },
  ],
  [
    {
      "x": 207.75,
      "y": 100.5,
    },
    {
      "x": 210,
      "y": 79.5,
    },
    {
      "x": 210,
      "y": 57,
    },
    {
      "x": 210,
      "y": 40.25,
    },
    {
      "x": 223.25,
      "y": 40.25,
    },
    {
      "x": 234.5,
      "y": 40.25,
    },
    {
      "x": 245,
      "y": 39.5,
    },
  ],
]
`;
